{"timestamp":"2026-01-01 06:08:04","event":"session_init","data":{"ip":"0.0.0.0"},"ip":"0.0.0.0","user_agent":"Unknown","session_id":"53f7aeebb520d0b7793dc3d7e4354ad3","user_id":1}
{"timestamp":"2026-01-01 06:08:52","event":"session_init","data":{"ip":"::1"},"ip":"::1","user_agent":"Mozilla\/5.0 (X11; Linux x86_64; rv:140.0) Gecko\/20100101 Firefox\/140.0","session_id":"774e946c3f254e652e03079ba8486082","user_id":1}
{"timestamp":"2026-01-01 06:09:22","event":"session_init","data":{"ip":"::1"},"ip":"::1","user_agent":"Mozilla\/5.0 (X11; Linux x86_64; rv:140.0) Gecko\/20100101 Firefox\/140.0","session_id":"774e946c3f254e652e03079ba8486082","user_id":1}
{"timestamp":"2026-01-01 06:10:55","event":"session_init","data":{"ip":"0.0.0.0"},"ip":"0.0.0.0","user_agent":"Unknown","session_id":"0d323ec456b3e00ecd8cb6d500091fe2","user_id":1}
{"timestamp":"2026-01-01 06:10:55","event":"session_init","data":{"ip":"0.0.0.0"},"ip":"0.0.0.0","user_agent":"Unknown","session_id":"0d323ec456b3e00ecd8cb6d500091fe2","user_id":1}
{"timestamp":"2026-01-01 06:12:38","event":"session_init","data":{"ip":"::1"},"ip":"::1","user_agent":"Mozilla\/5.0 (X11; Linux x86_64; rv:140.0) Gecko\/20100101 Firefox\/140.0","session_id":"774e946c3f254e652e03079ba8486082","user_id":1}
{"timestamp":"2026-01-01 06:12:41","event":"session_init","data":{"ip":"::1"},"ip":"::1","user_agent":"Mozilla\/5.0 (X11; Linux x86_64; rv:140.0) Gecko\/20100101 Firefox\/140.0","session_id":"774e946c3f254e652e03079ba8486082","user_id":1}
{"timestamp":"2026-01-01 06:12:42","event":"session_init","data":{"ip":"::1"},"ip":"::1","user_agent":"Mozilla\/5.0 (X11; Linux x86_64; rv:140.0) Gecko\/20100101 Firefox\/140.0","session_id":"774e946c3f254e652e03079ba8486082","user_id":1}
{"timestamp":"2026-01-01 06:12:48","event":"session_init","data":{"ip":"::1"},"ip":"::1","user_agent":"Mozilla\/5.0 (X11; Linux x86_64; rv:140.0) Gecko\/20100101 Firefox\/140.0","session_id":"774e946c3f254e652e03079ba8486082","user_id":1}
{"timestamp":"2026-01-01 06:15:10","event":"session_init","data":{"ip":"0.0.0.0"},"ip":"0.0.0.0","user_agent":"Unknown","session_id":"57aa02fc251ff4921a45dc296a4c6aae","user_id":null}
{"timestamp":"2026-01-01 06:15:39","event":"session_init","data":{"ip":"::1"},"ip":"::1","user_agent":"Mozilla\/5.0 (X11; Linux x86_64; rv:140.0) Gecko\/20100101 Firefox\/140.0","session_id":"0715e294b318ad8c3f98a9b58168fe45","user_id":1}
{"timestamp":"2026-01-01 06:15:40","event":"session_init","data":{"ip":"::1"},"ip":"::1","user_agent":"Mozilla\/5.0 (X11; Linux x86_64; rv:140.0) Gecko\/20100101 Firefox\/140.0","session_id":"0715e294b318ad8c3f98a9b58168fe45","user_id":1}
{"timestamp":"2026-01-01 06:18:13","event":"session_init","data":{"ip":"::1"},"ip":"::1","user_agent":"Mozilla\/5.0 (X11; Linux x86_64; rv:140.0) Gecko\/20100101 Firefox\/140.0","session_id":"0715e294b318ad8c3f98a9b58168fe45","user_id":1}
{"timestamp":"2026-01-01 06:18:16","event":"session_init","data":{"ip":"::1"},"ip":"::1","user_agent":"Mozilla\/5.0 (X11; Linux x86_64; rv:140.0) Gecko\/20100101 Firefox\/140.0","session_id":"0715e294b318ad8c3f98a9b58168fe45","user_id":1}
{"timestamp":"2026-01-01 06:18:19","event":"session_init","data":{"ip":"::1"},"ip":"::1","user_agent":"Mozilla\/5.0 (X11; Linux x86_64; rv:140.0) Gecko\/20100101 Firefox\/140.0","session_id":"0715e294b318ad8c3f98a9b58168fe45","user_id":1}
{"timestamp":"2026-01-01 06:20:17","event":"session_init","data":{"ip":"::1"},"ip":"::1","user_agent":"Mozilla\/5.0 (X11; Linux x86_64; rv:140.0) Gecko\/20100101 Firefox\/140.0","session_id":"0715e294b318ad8c3f98a9b58168fe45","user_id":1}
{"timestamp":"2026-01-01 06:25:02","event":"session_init","data":{"ip":"::1"},"ip":"::1","user_agent":"Mozilla\/5.0 (X11; Linux x86_64; rv:140.0) Gecko\/20100101 Firefox\/140.0","session_id":"5e472eeda2b00e4c2d86d367a6bf440e","user_id":1}
{"timestamp":"2026-01-01 06:27:03","event":"session_init","data":{"ip":"::1"},"ip":"::1","user_agent":"Mozilla\/5.0 (X11; Linux x86_64; rv:140.0) Gecko\/20100101 Firefox\/140.0","session_id":"327ea51539553c4c17f6bc1e81b81d2e","user_id":null}
{"timestamp":"2026-01-01 06:27:09","event":"session_init","data":{"ip":"::1"},"ip":"::1","user_agent":"Mozilla\/5.0 (X11; Linux x86_64; rv:140.0) Gecko\/20100101 Firefox\/140.0","session_id":"327ea51539553c4c17f6bc1e81b81d2e","user_id":1}
{"timestamp":"2026-01-01 06:27:16","event":"session_init","data":{"ip":"::1"},"ip":"::1","user_agent":"Mozilla\/5.0 (X11; Linux x86_64; rv:140.0) Gecko\/20100101 Firefox\/140.0","session_id":"327ea51539553c4c17f6bc1e81b81d2e","user_id":1}
{"timestamp":"2026-01-01 06:27:23","event":"session_init","data":{"ip":"::1"},"ip":"::1","user_agent":"Mozilla\/5.0 (X11; Linux x86_64; rv:140.0) Gecko\/20100101 Firefox\/140.0","session_id":"327ea51539553c4c17f6bc1e81b81d2e","user_id":1}
{"timestamp":"2026-01-01 06:32:26","event":"session_init","data":{"ip":"::1"},"ip":"::1","user_agent":"Mozilla\/5.0 (X11; Linux x86_64; rv:140.0) Gecko\/20100101 Firefox\/140.0","session_id":"d8f412ae18cac2ab6329dad38bd9cb4e","user_id":1}
{"timestamp":"2026-01-01 06:33:44","event":"session_init","data":{"ip":"::1"},"ip":"::1","user_agent":"Mozilla\/5.0 (X11; Linux x86_64; rv:140.0) Gecko\/20100101 Firefox\/140.0","session_id":"ebf8730ad9457cd69bb3b779d7724d79","user_id":1}
{"timestamp":"2026-01-01 06:33:59","event":"session_init","data":{"ip":"::1"},"ip":"::1","user_agent":"Mozilla\/5.0 (X11; Linux x86_64; rv:140.0) Gecko\/20100101 Firefox\/140.0","session_id":"ebf8730ad9457cd69bb3b779d7724d79","user_id":1}
{"timestamp":"2026-01-01 06:34:50","event":"session_init","data":{"ip":"::1"},"ip":"::1","user_agent":"Mozilla\/5.0 (X11; Linux x86_64; rv:140.0) Gecko\/20100101 Firefox\/140.0","session_id":"2c787fbc5bc10222f08af1834b6684ea","user_id":1}
{"timestamp":"2026-01-01 06:35:05","event":"session_init","data":{"ip":"::1"},"ip":"::1","user_agent":"Mozilla\/5.0 (X11; Linux x86_64; rv:140.0) Gecko\/20100101 Firefox\/140.0","session_id":"2c787fbc5bc10222f08af1834b6684ea","user_id":1}
{"timestamp":"2026-01-01 06:40:39","event":"session_init","data":{"ip":"::1"},"ip":"::1","user_agent":"Mozilla\/5.0 (X11; Linux x86_64; rv:140.0) Gecko\/20100101 Firefox\/140.0","session_id":"ba64ead1861cacd5bd0571cf4a2c61d9","user_id":1}
{"timestamp":"2026-01-01 07:59:18","event":"session_init","data":{"ip":"::1"},"ip":"::1","user_agent":"Mozilla\/5.0 (X11; Linux x86_64; rv:140.0) Gecko\/20100101 Firefox\/140.0","session_id":"8b851857779f78b9846c56f99641fa34","user_id":1}
{"timestamp":"2026-01-01 08:00:00","event":"session_init","data":{"ip":"::1"},"ip":"::1","user_agent":"Mozilla\/5.0 (X11; Linux x86_64; rv:140.0) Gecko\/20100101 Firefox\/140.0","session_id":"8b851857779f78b9846c56f99641fa34","user_id":1}
{"timestamp":"2026-01-01 08:00:08","event":"invalid_origin","data":{"origin":"http:\/\/localhost:8000","allowed":["localhost:8000"],"ip":"::1"},"ip":"::1","user_agent":"Mozilla\/5.0 (X11; Linux x86_64; rv:140.0) Gecko\/20100101 Firefox\/140.0","session_id":"8b851857779f78b9846c56f99641fa34","user_id":1}
{"timestamp":"2026-01-01 08:00:16","event":"invalid_origin","data":{"origin":"http:\/\/localhost:8000","allowed":["localhost:8000"],"ip":"::1"},"ip":"::1","user_agent":"Mozilla\/5.0 (X11; Linux x86_64; rv:140.0) Gecko\/20100101 Firefox\/140.0","session_id":"8b851857779f78b9846c56f99641fa34","user_id":1}
{"timestamp":"2026-01-01 08:02:25","event":"session_init","data":{"ip":"::1"},"ip":"::1","user_agent":"Mozilla\/5.0 (X11; Linux x86_64; rv:140.0) Gecko\/20100101 Firefox\/140.0","session_id":"8b851857779f78b9846c56f99641fa34","user_id":1}
{"timestamp":"2026-01-01 08:02:35","event":"session_init","data":{"ip":"::1"},"ip":"::1","user_agent":"Mozilla\/5.0 (X11; Linux x86_64; rv:140.0) Gecko\/20100101 Firefox\/140.0","session_id":"8b851857779f78b9846c56f99641fa34","user_id":1}
{"timestamp":"2026-01-01 08:04:05","event":"session_init","data":{"ip":"::1"},"ip":"::1","user_agent":"Mozilla\/5.0 (X11; Linux x86_64; rv:140.0) Gecko\/20100101 Firefox\/140.0","session_id":"8b851857779f78b9846c56f99641fa34","user_id":1}
{"timestamp":"2026-01-01 08:06:36","event":"session_init","data":{"ip":"::1"},"ip":"::1","user_agent":"Mozilla\/5.0 (X11; Linux x86_64; rv:140.0) Gecko\/20100101 Firefox\/140.0","session_id":"e1929053e9b791175e5c3d4156e50e12","user_id":1}
{"timestamp":"2026-01-01 08:17:51","event":"session_init","data":{"ip":"::1"},"ip":"::1","user_agent":"Mozilla\/5.0 (X11; Linux x86_64; rv:140.0) Gecko\/20100101 Firefox\/140.0","session_id":"ea58d16923662962f3aa8dd229b86286","user_id":1}
{"timestamp":"2026-01-01 08:17:53","event":"session_init","data":{"ip":"::1"},"ip":"::1","user_agent":"Mozilla\/5.0 (X11; Linux x86_64; rv:140.0) Gecko\/20100101 Firefox\/140.0","session_id":"ea58d16923662962f3aa8dd229b86286","user_id":1}
{"timestamp":"2026-01-01 08:17:53","event":"session_init","data":{"ip":"::1"},"ip":"::1","user_agent":"Mozilla\/5.0 (X11; Linux x86_64; rv:140.0) Gecko\/20100101 Firefox\/140.0","session_id":"ea58d16923662962f3aa8dd229b86286","user_id":1}
{"timestamp":"2026-01-01 08:17:54","event":"session_init","data":{"ip":"::1"},"ip":"::1","user_agent":"Mozilla\/5.0 (X11; Linux x86_64; rv:140.0) Gecko\/20100101 Firefox\/140.0","session_id":"ea58d16923662962f3aa8dd229b86286","user_id":1}
{"timestamp":"2026-01-01 08:17:54","event":"session_init","data":{"ip":"::1"},"ip":"::1","user_agent":"Mozilla\/5.0 (X11; Linux x86_64; rv:140.0) Gecko\/20100101 Firefox\/140.0","session_id":"ea58d16923662962f3aa8dd229b86286","user_id":1}
{"timestamp":"2026-01-01 08:17:55","event":"session_init","data":{"ip":"::1"},"ip":"::1","user_agent":"Mozilla\/5.0 (X11; Linux x86_64; rv:140.0) Gecko\/20100101 Firefox\/140.0","session_id":"ea58d16923662962f3aa8dd229b86286","user_id":1}
{"timestamp":"2026-01-01 08:17:56","event":"session_init","data":{"ip":"::1"},"ip":"::1","user_agent":"Mozilla\/5.0 (X11; Linux x86_64; rv:140.0) Gecko\/20100101 Firefox\/140.0","session_id":"ea58d16923662962f3aa8dd229b86286","user_id":1}
{"timestamp":"2026-01-01 08:17:56","event":"session_init","data":{"ip":"::1"},"ip":"::1","user_agent":"Mozilla\/5.0 (X11; Linux x86_64; rv:140.0) Gecko\/20100101 Firefox\/140.0","session_id":"ea58d16923662962f3aa8dd229b86286","user_id":1}
{"timestamp":"2026-01-01 08:23:22","event":"session_init","data":{"ip":"::1"},"ip":"::1","user_agent":"Mozilla\/5.0 (X11; Linux x86_64; rv:140.0) Gecko\/20100101 Firefox\/140.0","session_id":"8d9c9ca12df46579a457b7882e6c26ec","user_id":1}
{"timestamp":"2026-01-01 08:23:33","event":"session_init","data":{"ip":"::1"},"ip":"::1","user_agent":"Mozilla\/5.0 (X11; Linux x86_64; rv:140.0) Gecko\/20100101 Firefox\/140.0","session_id":"8d9c9ca12df46579a457b7882e6c26ec","user_id":1}
{"timestamp":"2026-01-01 08:23:33","event":"session_init","data":{"ip":"::1"},"ip":"::1","user_agent":"Mozilla\/5.0 (X11; Linux x86_64; rv:140.0) Gecko\/20100101 Firefox\/140.0","session_id":"8d9c9ca12df46579a457b7882e6c26ec","user_id":1}
{"timestamp":"2026-01-01 08:23:44","event":"session_init","data":{"ip":"::1"},"ip":"::1","user_agent":"Mozilla\/5.0 (X11; Linux x86_64; rv:140.0) Gecko\/20100101 Firefox\/140.0","session_id":"8d9c9ca12df46579a457b7882e6c26ec","user_id":1}
{"timestamp":"2026-01-01 08:23:55","event":"session_init","data":{"ip":"::1"},"ip":"::1","user_agent":"Mozilla\/5.0 (X11; Linux x86_64; rv:140.0) Gecko\/20100101 Firefox\/140.0","session_id":"8d9c9ca12df46579a457b7882e6c26ec","user_id":1}
{"timestamp":"2026-01-01 08:23:56","event":"session_init","data":{"ip":"::1"},"ip":"::1","user_agent":"Mozilla\/5.0 (X11; Linux x86_64; rv:140.0) Gecko\/20100101 Firefox\/140.0","session_id":"8d9c9ca12df46579a457b7882e6c26ec","user_id":1}
{"timestamp":"2026-01-01 08:23:56","event":"session_init","data":{"ip":"::1"},"ip":"::1","user_agent":"Mozilla\/5.0 (X11; Linux x86_64; rv:140.0) Gecko\/20100101 Firefox\/140.0","session_id":"8d9c9ca12df46579a457b7882e6c26ec","user_id":1}
{"timestamp":"2026-01-01 08:24:15","event":"session_init","data":{"ip":"::1"},"ip":"::1","user_agent":"Mozilla\/5.0 (X11; Linux x86_64; rv:140.0) Gecko\/20100101 Firefox\/140.0","session_id":"8d9c9ca12df46579a457b7882e6c26ec","user_id":1}
{"timestamp":"2026-01-01 18:51:41","event":"session_init","data":{"ip":"::1"},"ip":"::1","user_agent":"Mozilla\/5.0 (X11; Linux x86_64; rv:140.0) Gecko\/20100101 Firefox\/140.0","session_id":"c8d1a873c648e1a4488a6cfb2a68f24c","user_id":1}
